// Jest Snapshot v1, https://goo.gl/fbAQLP

exports[`Test scenario: snap 1`] = `1`;
